pipeline {
	agent any
	parameters {
		string(name: 'BRANCH_NAME', defaultValue: 'main', description: 'Branch to build')
		booleanParam(name: 'SKIP_DEPLOY', defaultValue: false, description: 'Skip the deploy stage')
	}
	stages {
		stage('Info') {
			steps {
				echo "Build ID : ${env.BUILD_ID}"
				echo "Build URL : ${env.BUILD_URL}"
				echo "Job Name : ${env.JOB_NAME}"
				echo "Branch : ${params.BRANCH_NAME}"
			}
		}
		stage('Validate') {
			failFast true
			parallel {
				stage('Lint') {
					steps {
						echo 'Running linter...'
						sh 'echo lint-output > lint.log'
					}
				}
				stage('Test') {
					steps {
						echo 'Running tests...'
						sh 'echo test-output > test.log'
					}
				}
			}
		}
		stage('Deploy') {
			when {
				expression { return !params.SKIP_DEPLOY }
			}
			steps {
				echo "Deploying branch: ${params.BRANCH_NAME}"
			}
		}
	}
    post {
        always {
            echo 'Pipeline finished'
        }
        success {
            archiveArtifacts artifacts: '*.log', allowEmptyArchive: true
        }
        failure {
            cleanWs()
        }
    }
}